[0730/074948.158:WARNING:viz_main_impl.cc(85)] VizNullHypothesis is disabled (not a warning)
[0730/074949.144:ERROR:ffmpeg_common.cc(970)] Unsupported pixel format: -1
[0730/074949.145:ERROR:ffmpeg_common.cc(970)] Unsupported pixel format: -1
[0730/074949.959:ERROR:ffmpeg_common.cc(970)] Unsupported pixel format: -1
[0730/074951.111:ERROR:ffmpeg_common.cc(970)] Unsupported pixel format: -1
[0730/074952.120:ERROR:ffmpeg_common.cc(970)] Unsupported pixel format: -1
[0730/074953.115:ERROR:ffmpeg_common.cc(970)] Unsupported pixel format: -1
[0730/074954.116:ERROR:ffmpeg_common.cc(970)] Unsupported pixel format: -1
[0730/074955.116:ERROR:ffmpeg_common.cc(970)] Unsupported pixel format: -1
[0730/074956.115:ERROR:ffmpeg_common.cc(970)] Unsupported pixel format: -1
[0730/074957.161:ERROR:ffmpeg_common.cc(970)] Unsupported pixel format: -1
[0730/074958.110:ERROR:ffmpeg_common.cc(970)] Unsupported pixel format: -1
[0730/074959.118:ERROR:ffmpeg_common.cc(970)] Unsupported pixel format: -1
[0730/075000.113:ERROR:ffmpeg_common.cc(970)] Unsupported pixel format: -1
[0730/075001.119:ERROR:ffmpeg_common.cc(970)] Unsupported pixel format: -1
[0730/075002.117:ERROR:ffmpeg_common.cc(970)] Unsupported pixel format: -1
[0730/075003.115:ERROR:ffmpeg_common.cc(970)] Unsupported pixel format: -1
[0730/075004.119:ERROR:ffmpeg_common.cc(970)] Unsupported pixel format: -1
[0730/075005.111:ERROR:ffmpeg_common.cc(970)] Unsupported pixel format: -1
[0730/075006.112:ERROR:ffmpeg_common.cc(970)] Unsupported pixel format: -1
[0730/075007.115:ERROR:ffmpeg_common.cc(970)] Unsupported pixel format: -1
[0730/075008.145:ERROR:ffmpeg_common.cc(970)] Unsupported pixel format: -1
[0730/075009.112:ERROR:ffmpeg_common.cc(970)] Unsupported pixel format: -1
[0730/075010.110:ERROR:ffmpeg_common.cc(970)] Unsupported pixel format: -1
[0730/075011.109:ERROR:ffmpeg_common.cc(970)] Unsupported pixel format: -1
[0730/075012.112:ERROR:ffmpeg_common.cc(970)] Unsupported pixel format: -1
[0730/075013.114:ERROR:ffmpeg_common.cc(970)] Unsupported pixel format: -1
[0730/075014.110:ERROR:ffmpeg_common.cc(970)] Unsupported pixel format: -1
[0730/075015.110:ERROR:ffmpeg_common.cc(970)] Unsupported pixel format: -1
[0730/075016.109:ERROR:ffmpeg_common.cc(970)] Unsupported pixel format: -1
[0730/075017.109:ERROR:ffmpeg_common.cc(970)] Unsupported pixel format: -1
[0730/075018.116:ERROR:ffmpeg_common.cc(970)] Unsupported pixel format: -1
[0730/075035.799:WARNING:viz_main_impl.cc(85)] VizNullHypothesis is disabled (not a warning)
[0730/075036.602:ERROR:ffmpeg_common.cc(970)] Unsupported pixel format: -1
[0730/075036.603:ERROR:ffmpeg_common.cc(970)] Unsupported pixel format: -1
[0730/075037.573:ERROR:ffmpeg_common.cc(970)] Unsupported pixel format: -1
[0730/075038.585:ERROR:ffmpeg_common.cc(970)] Unsupported pixel format: -1
[0730/075039.584:ERROR:ffmpeg_common.cc(970)] Unsupported pixel format: -1
[0730/075040.584:ERROR:ffmpeg_common.cc(970)] Unsupported pixel format: -1
[0730/075041.579:ERROR:ffmpeg_common.cc(970)] Unsupported pixel format: -1
[0730/075042.597:ERROR:ffmpeg_common.cc(970)] Unsupported pixel format: -1
[0730/075043.581:ERROR:ffmpeg_common.cc(970)] Unsupported pixel format: -1
[0730/075044.584:ERROR:ffmpeg_common.cc(970)] Unsupported pixel format: -1
[0730/075045.584:ERROR:ffmpeg_common.cc(970)] Unsupported pixel format: -1
[0730/075058.032:WARNING:viz_main_impl.cc(85)] VizNullHypothesis is disabled (not a warning)
[0730/075058.835:ERROR:ffmpeg_common.cc(970)] Unsupported pixel format: -1
[0730/075058.837:ERROR:ffmpeg_common.cc(970)] Unsupported pixel format: -1
[0730/075059.817:ERROR:ffmpeg_common.cc(970)] Unsupported pixel format: -1
[0730/075120.229:WARNING:viz_main_impl.cc(85)] VizNullHypothesis is disabled (not a warning)
[0730/075121.197:ERROR:ffmpeg_common.cc(970)] Unsupported pixel format: -1
[0730/075121.198:ERROR:ffmpeg_common.cc(970)] Unsupported pixel format: -1
[0730/075122.175:ERROR:ffmpeg_common.cc(970)] Unsupported pixel format: -1
[0730/075132.813:WARNING:viz_main_impl.cc(85)] VizNullHypothesis is disabled (not a warning)
[0730/075133.622:ERROR:ffmpeg_common.cc(970)] Unsupported pixel format: -1
[0730/075133.623:ERROR:ffmpeg_common.cc(970)] Unsupported pixel format: -1
[0730/075203.043:WARNING:viz_main_impl.cc(85)] VizNullHypothesis is disabled (not a warning)
[0730/075203.850:ERROR:ffmpeg_common.cc(970)] Unsupported pixel format: -1
[0730/075203.854:ERROR:ffmpeg_common.cc(970)] Unsupported pixel format: -1
[0730/075204.830:ERROR:ffmpeg_common.cc(970)] Unsupported pixel format: -1
[0730/075234.361:WARNING:viz_main_impl.cc(85)] VizNullHypothesis is disabled (not a warning)
[0730/075235.329:ERROR:ffmpeg_common.cc(970)] Unsupported pixel format: -1
[0730/075235.331:ERROR:ffmpeg_common.cc(970)] Unsupported pixel format: -1
[0730/075236.306:ERROR:ffmpeg_common.cc(970)] Unsupported pixel format: -1
[0730/075237.317:ERROR:ffmpeg_common.cc(970)] Unsupported pixel format: -1
[0730/075238.306:ERROR:ffmpeg_common.cc(970)] Unsupported pixel format: -1
[0730/075239.312:ERROR:ffmpeg_common.cc(970)] Unsupported pixel format: -1
[0730/075324.635:WARNING:viz_main_impl.cc(85)] VizNullHypothesis is disabled (not a warning)
[0730/075325.447:ERROR:ffmpeg_common.cc(970)] Unsupported pixel format: -1
[0730/075325.447:ERROR:ffmpeg_common.cc(970)] Unsupported pixel format: -1
[0730/075326.416:ERROR:ffmpeg_common.cc(970)] Unsupported pixel format: -1
[0730/075327.420:ERROR:ffmpeg_common.cc(970)] Unsupported pixel format: -1
[0730/075328.406:ERROR:ffmpeg_common.cc(970)] Unsupported pixel format: -1
[0730/075329.419:ERROR:ffmpeg_common.cc(970)] Unsupported pixel format: -1
[0730/075342.710:WARNING:viz_main_impl.cc(85)] VizNullHypothesis is disabled (not a warning)
[0730/075343.514:ERROR:ffmpeg_common.cc(970)] Unsupported pixel format: -1
[0730/075343.521:ERROR:ffmpeg_common.cc(970)] Unsupported pixel format: -1
[0730/075344.488:ERROR:ffmpeg_common.cc(970)] Unsupported pixel format: -1
[0730/075408.227:WARNING:viz_main_impl.cc(85)] VizNullHypothesis is disabled (not a warning)
[0730/075408.327:ERROR:gles2_cmd_decoder_passthrough.cc(1053)] [GroupMarkerNotSet(crbug.com/242999)!:A040300044050000]Automatic fallback to software WebGL has been deprecated. Please use the --enable-unsafe-swiftshader flag to opt in to lower security guarantees for trusted content.
[0730/075409.146:ERROR:ffmpeg_common.cc(970)] Unsupported pixel format: -1
[0730/075409.148:ERROR:ffmpeg_common.cc(970)] Unsupported pixel format: -1
[0730/075410.879:ERROR:ffmpeg_common.cc(970)] Unsupported pixel format: -1
[0730/075429.196:WARNING:viz_main_impl.cc(85)] VizNullHypothesis is disabled (not a warning)
[0730/075429.294:ERROR:gles2_cmd_decoder_passthrough.cc(1053)] [GroupMarkerNotSet(crbug.com/242999)!:A0803000AC630000]Automatic fallback to software WebGL has been deprecated. Please use the --enable-unsafe-swiftshader flag to opt in to lower security guarantees for trusted content.
[0730/075429.479:ERROR:gl_utils.cc(426)] [.WebGL-0x54cc00116a00]GL Driver Message (OpenGL, Performance, GL_CLOSE_PATH_NV, High): GPU stall due to ReadPixels
[0730/075429.988:ERROR:gl_utils.cc(426)] [.WebGL-0x54cc00116a00]GL Driver Message (OpenGL, Performance, GL_CLOSE_PATH_NV, High): GPU stall due to ReadPixels
[0730/075430.048:ERROR:gl_utils.cc(426)] [.WebGL-0x54cc00116a00]GL Driver Message (OpenGL, Performance, GL_CLOSE_PATH_NV, High): GPU stall due to ReadPixels
[0730/075430.117:ERROR:gl_utils.cc(426)] [.WebGL-0x54cc00116a00]GL Driver Message (OpenGL, Performance, GL_CLOSE_PATH_NV, High): GPU stall due to ReadPixels (this message will no longer repeat)
[0730/075430.921:ERROR:ffmpeg_common.cc(970)] Unsupported pixel format: -1
[0730/075431.148:ERROR:ffmpeg_common.cc(970)] Unsupported pixel format: -1
[0730/075432.055:ERROR:ffmpeg_common.cc(970)] Unsupported pixel format: -1
[0730/075432.949:ERROR:gles2_cmd_decoder_passthrough.cc(1053)] [GroupMarkerNotSet(crbug.com/242999)!:A0803000AC630000]Automatic fallback to software WebGL has been deprecated. Please use the --enable-unsafe-swiftshader flag to opt in to lower security guarantees for trusted content.
[0730/075434.240:ERROR:ffmpeg_common.cc(970)] Unsupported pixel format: -1
[0730/075434.342:ERROR:ffmpeg_common.cc(970)] Unsupported pixel format: -1
[0730/075524.597:WARNING:viz_main_impl.cc(85)] VizNullHypothesis is disabled (not a warning)
[0730/075524.695:ERROR:gles2_cmd_decoder_passthrough.cc(1053)] [GroupMarkerNotSet(crbug.com/242999)!:A04030004C330000]Automatic fallback to software WebGL has been deprecated. Please use the --enable-unsafe-swiftshader flag to opt in to lower security guarantees for trusted content.
[0730/075525.037:ERROR:gl_utils.cc(426)] [.WebGL-0x114400116a00]GL Driver Message (OpenGL, Performance, GL_CLOSE_PATH_NV, High): GPU stall due to ReadPixels
[0730/075525.531:ERROR:gl_utils.cc(426)] [.WebGL-0x114400116a00]GL Driver Message (OpenGL, Performance, GL_CLOSE_PATH_NV, High): GPU stall due to ReadPixels
[0730/075525.608:ERROR:gl_utils.cc(426)] [.WebGL-0x114400116a00]GL Driver Message (OpenGL, Performance, GL_CLOSE_PATH_NV, High): GPU stall due to ReadPixels
[0730/075525.676:ERROR:gl_utils.cc(426)] [.WebGL-0x114400116a00]GL Driver Message (OpenGL, Performance, GL_CLOSE_PATH_NV, High): GPU stall due to ReadPixels (this message will no longer repeat)
[0730/075526.621:ERROR:ffmpeg_common.cc(970)] Unsupported pixel format: -1
[0730/075526.878:ERROR:ffmpeg_common.cc(970)] Unsupported pixel format: -1
[0730/075527.443:ERROR:ffmpeg_common.cc(970)] Unsupported pixel format: -1
[0730/075528.314:ERROR:ffmpeg_common.cc(970)] Unsupported pixel format: -1
[0730/075528.496:ERROR:gles2_cmd_decoder_passthrough.cc(1053)] [GroupMarkerNotSet(crbug.com/242999)!:A04030004C330000]Automatic fallback to software WebGL has been deprecated. Please use the --enable-unsafe-swiftshader flag to opt in to lower security guarantees for trusted content.
[0730/075529.695:ERROR:ffmpeg_common.cc(970)] Unsupported pixel format: -1
[0730/075529.800:ERROR:ffmpeg_common.cc(970)] Unsupported pixel format: -1
[0730/075530.679:ERROR:ffmpeg_common.cc(970)] Unsupported pixel format: -1
[0730/075634.103:WARNING:viz_main_impl.cc(85)] VizNullHypothesis is disabled (not a warning)
[0730/075634.200:ERROR:gles2_cmd_decoder_passthrough.cc(1053)] [GroupMarkerNotSet(crbug.com/242999)!:A0802F006C330000]Automatic fallback to software WebGL has been deprecated. Please use the --enable-unsafe-swiftshader flag to opt in to lower security guarantees for trusted content.
[0730/075634.550:ERROR:gl_utils.cc(426)] [.WebGL-0x718c00116a00]GL Driver Message (OpenGL, Performance, GL_CLOSE_PATH_NV, High): GPU stall due to ReadPixels
[0730/075635.044:ERROR:gl_utils.cc(426)] [.WebGL-0x718c00116a00]GL Driver Message (OpenGL, Performance, GL_CLOSE_PATH_NV, High): GPU stall due to ReadPixels
[0730/075635.106:ERROR:gl_utils.cc(426)] [.WebGL-0x718c00116a00]GL Driver Message (OpenGL, Performance, GL_CLOSE_PATH_NV, High): GPU stall due to ReadPixels
[0730/075635.179:ERROR:gl_utils.cc(426)] [.WebGL-0x718c00116a00]GL Driver Message (OpenGL, Performance, GL_CLOSE_PATH_NV, High): GPU stall due to ReadPixels (this message will no longer repeat)
[0730/075636.131:ERROR:ffmpeg_common.cc(970)] Unsupported pixel format: -1
[0730/075636.387:ERROR:ffmpeg_common.cc(970)] Unsupported pixel format: -1
[0730/075636.999:ERROR:ffmpeg_common.cc(970)] Unsupported pixel format: -1
[0730/075637.930:ERROR:ffmpeg_common.cc(970)] Unsupported pixel format: -1
[0730/075639.035:ERROR:ffmpeg_common.cc(970)] Unsupported pixel format: -1
[0730/075710.051:WARNING:viz_main_impl.cc(85)] VizNullHypothesis is disabled (not a warning)
[0730/075710.150:ERROR:gles2_cmd_decoder_passthrough.cc(1053)] [GroupMarkerNotSet(crbug.com/242999)!:A0802F00CC700000]Automatic fallback to software WebGL has been deprecated. Please use the --enable-unsafe-swiftshader flag to opt in to lower security guarantees for trusted content.
[0730/075710.339:ERROR:gl_utils.cc(426)] [.WebGL-0x321c00116a00]GL Driver Message (OpenGL, Performance, GL_CLOSE_PATH_NV, High): GPU stall due to ReadPixels
[0730/075710.941:ERROR:gl_utils.cc(426)] [.WebGL-0x321c00116a00]GL Driver Message (OpenGL, Performance, GL_CLOSE_PATH_NV, High): GPU stall due to ReadPixels
[0730/075711.003:ERROR:gl_utils.cc(426)] [.WebGL-0x321c00116a00]GL Driver Message (OpenGL, Performance, GL_CLOSE_PATH_NV, High): GPU stall due to ReadPixels
[0730/075711.080:ERROR:gl_utils.cc(426)] [.WebGL-0x321c00116a00]GL Driver Message (OpenGL, Performance, GL_CLOSE_PATH_NV, High): GPU stall due to ReadPixels (this message will no longer repeat)
[0730/075712.018:ERROR:ffmpeg_common.cc(970)] Unsupported pixel format: -1
[0730/075712.268:ERROR:ffmpeg_common.cc(970)] Unsupported pixel format: -1
[0730/075713.093:ERROR:gles2_cmd_decoder_passthrough.cc(1053)] [GroupMarkerNotSet(crbug.com/242999)!:A0802F00CC700000]Automatic fallback to software WebGL has been deprecated. Please use the --enable-unsafe-swiftshader flag to opt in to lower security guarantees for trusted content.
[0730/075714.285:ERROR:ffmpeg_common.cc(970)] Unsupported pixel format: -1
[0730/075714.384:ERROR:ffmpeg_common.cc(970)] Unsupported pixel format: -1
[0730/081643.992:WARNING:viz_main_impl.cc(85)] VizNullHypothesis is disabled (not a warning)
[0730/081644.094:ERROR:gles2_cmd_decoder_passthrough.cc(1053)] [GroupMarkerNotSet(crbug.com/242999)!:A0003000A4060000]Automatic fallback to software WebGL has been deprecated. Please use the --enable-unsafe-swiftshader flag to opt in to lower security guarantees for trusted content.
[0730/081644.208:ERROR:gles2_cmd_decoder_passthrough.cc(1053)] [GroupMarkerNotSet(crbug.com/242999)!:A0603000A4060000]Automatic fallback to software WebGL has been deprecated. Please use the --enable-unsafe-swiftshader flag to opt in to lower security guarantees for trusted content.
[0730/081644.341:ERROR:gles2_cmd_decoder_passthrough.cc(1053)] [GroupMarkerNotSet(crbug.com/242999)!:A0903000A4060000]Automatic fallback to software WebGL has been deprecated. Please use the --enable-unsafe-swiftshader flag to opt in to lower security guarantees for trusted content.
[0730/081645.226:ERROR:gl_utils.cc(426)] [.WebGL-0x5b4400116a00]GL Driver Message (OpenGL, Performance, GL_CLOSE_PATH_NV, High): GPU stall due to ReadPixels
[0730/081646.234:ERROR:gl_utils.cc(426)] [.WebGL-0x5b4400116a00]GL Driver Message (OpenGL, Performance, GL_CLOSE_PATH_NV, High): GPU stall due to ReadPixels
[0730/081646.386:ERROR:gl_utils.cc(426)] [.WebGL-0x5b4400116a00]GL Driver Message (OpenGL, Performance, GL_CLOSE_PATH_NV, High): GPU stall due to ReadPixels
[0730/081646.871:ERROR:gl_utils.cc(426)] [.WebGL-0x5b4400116a00]GL Driver Message (OpenGL, Performance, GL_CLOSE_PATH_NV, High): GPU stall due to ReadPixels (this message will no longer repeat)
[0730/081648.987:ERROR:ffmpeg_common.cc(970)] Unsupported pixel format: -1
[0730/081650.013:ERROR:ffmpeg_common.cc(970)] Unsupported pixel format: -1
[0730/081651.544:ERROR:ffmpeg_common.cc(970)] Unsupported pixel format: -1
[0730/081651.999:ERROR:ffmpeg_common.cc(970)] Unsupported pixel format: -1
[0730/081652.772:ERROR:ffmpeg_common.cc(970)] Unsupported pixel format: -1
[0730/081654.050:ERROR:ffmpeg_common.cc(970)] Unsupported pixel format: -1
[0730/081654.943:ERROR:ffmpeg_common.cc(970)] Unsupported pixel format: -1
[0730/081655.671:ERROR:ffmpeg_common.cc(970)] Unsupported pixel format: -1
[0730/081656.951:ERROR:ffmpeg_common.cc(970)] Unsupported pixel format: -1
[0730/081658.056:ERROR:ffmpeg_common.cc(970)] Unsupported pixel format: -1
[0730/081658.600:ERROR:ffmpeg_common.cc(970)] Unsupported pixel format: -1
[0730/081659.998:ERROR:ffmpeg_common.cc(970)] Unsupported pixel format: -1
[0730/081700.517:ERROR:ffmpeg_common.cc(970)] Unsupported pixel format: -1
[0730/081701.709:ERROR:gles2_cmd_decoder_passthrough.cc(1053)] [GroupMarkerNotSet(crbug.com/242999)!:A0003000A4060000]Automatic fallback to software WebGL has been deprecated. Please use the --enable-unsafe-swiftshader flag to opt in to lower security guarantees for trusted content.
[0730/081701.810:ERROR:gles2_cmd_decoder_passthrough.cc(1053)] [GroupMarkerNotSet(crbug.com/242999)!:A0603000A4060000]Automatic fallback to software WebGL has been deprecated. Please use the --enable-unsafe-swiftshader flag to opt in to lower security guarantees for trusted content.
[0730/081701.912:ERROR:gles2_cmd_decoder_passthrough.cc(1053)] [GroupMarkerNotSet(crbug.com/242999)!:A0903000A4060000]Automatic fallback to software WebGL has been deprecated. Please use the --enable-unsafe-swiftshader flag to opt in to lower security guarantees for trusted content.
[0730/081704.521:ERROR:ffmpeg_common.cc(970)] Unsupported pixel format: -1
[0730/081704.971:ERROR:ffmpeg_common.cc(970)] Unsupported pixel format: -1
[0730/081705.682:ERROR:ffmpeg_common.cc(970)] Unsupported pixel format: -1
[0730/081706.078:ERROR:ffmpeg_common.cc(970)] Unsupported pixel format: -1
[0730/081707.055:ERROR:ffmpeg_common.cc(970)] Unsupported pixel format: -1
[0730/081708.196:ERROR:ffmpeg_common.cc(970)] Unsupported pixel format: -1
[0730/081708.873:ERROR:ffmpeg_common.cc(970)] Unsupported pixel format: -1
